{"cfg":"duo coop,coop","runs":20,"clear":1,"lost":0,"timeout":0,"error":0,"clearTime":462.9,"clearTimeMin":409.03,"clearTimeMax":523.78,"links":31.75,"covers":25.7,"fullRally":12.9,"rally2":23.5,"rallyMax":5,"tagParry":0,"tagLink":0,"tagRescue":0,"parry":81,"perfect":13.1,"launches":50.6,"launchHits":44,"lifts":0,"grabs":3.7,"grabFrees":2.9,"grabSlams":0.8,"splitOK":3,"splitFail":0.2,"backShare":0.276,"aggroSwaps":73.8,"groggy":30.1,"downs":0.2,"dmgTaken":163,"rallyBreaks":3.2,"bossActive":0.562,"bossAttack":0.387,"freeze":0.039,"phaseReached":3,"errors":0,"wall":41,"fin":{"lift:1":34,"lift:2":65,"kneel:1":51,"kneel:2":112,"stagger:1":156,"stagger:2":57,"turn:1":53,"turn:2":107},"finMin":34,"starters":1013,"statusN":639,"shuttle":{"start":64,"smash":49,"fail":15,"returns":373,"rate":0.766},"mark":{"start":64,"atk":302,"cover":233,"fail":69,"rate":0.772},"bossT":[217.8,237.1],"bossTmin":[186.78,191.07],"bossTmax":[255.75,304.7],"bossReached":1,"wave":{"absorbA":655,"absorbB":583,"usedA":529,"usedB":473,"lost":199,"empStart":661,"empFin":341,"violet":291,"cut":390,"violetPerRun":14.55,"cutPerRun":19.5}}
{"cfg":"duo ignore,ignore","runs":20,"clear":0.4,"lost":12,"timeout":0,"error":0,"clearTime":840.5,"clearTimeMin":739.75,"clearTimeMax":955.22,"links":0,"covers":8.95,"fullRally":7.45,"rally2":23.25,"rallyMax":5,"tagParry":0,"tagLink":0,"tagRescue":0,"parry":184.6,"perfect":18.5,"launches":78.1,"launchHits":66.2,"lifts":0,"grabs":6.35,"grabFrees":4.25,"grabSlams":2.1,"splitOK":0.6,"splitFail":3.75,"backShare":0.113,"aggroSwaps":89.2,"groggy":30.9,"downs":5.55,"dmgTaken":506,"rallyBreaks":3.4,"bossActive":0.587,"bossAttack":0.414,"freeze":0.012,"phaseReached":2.85,"errors":0,"wall":62,"fin":{"lift:1":0,"lift:2":0,"kneel:1":0,"kneel:2":0,"stagger:1":0,"stagger:2":0,"turn:1":0,"turn:2":0},"finMin":0,"starters":1562,"statusN":910,"shuttle":{"start":116,"smash":81,"fail":32,"returns":656,"rate":0.698},"mark":{"start":111,"atk":407,"cover":0,"fail":407,"rate":0},"bossT":[368.6,468.4],"bossTmin":[333.97,397.78],"bossTmax":[448.67,561.32],"bossReached":0.9,"wave":{"absorbA":1494,"absorbB":1234,"usedA":838,"usedB":577,"lost":1232,"empStart":1415,"empFin":0,"violet":0,"cut":0,"violetPerRun":0,"cutPerRun":0}}
{"cfg":"duo spam,spam","runs":20,"clear":0,"lost":20,"timeout":0,"error":0,"clearTime":0,"clearTimeMin":null,"clearTimeMax":null,"links":0,"covers":2.25,"fullRally":0,"rally2":0.15,"rallyMax":0.8,"tagParry":0,"tagLink":0,"tagRescue":0,"parry":44.4,"perfect":5.1,"launches":25.6,"launchHits":23.1,"lifts":0,"grabs":2.45,"grabFrees":1.9,"grabSlams":0.55,"splitOK":0.15,"splitFail":1.25,"backShare":0.16,"aggroSwaps":24.9,"groggy":7.3,"downs":2.45,"dmgTaken":225,"rallyBreaks":0.6,"bossActive":0.606,"bossAttack":0.393,"freeze":0.006,"phaseReached":2.05,"errors":0,"wall":19,"fin":{"lift:1":0,"lift:2":0,"kneel:1":0,"kneel:2":0,"stagger:1":0,"stagger:2":0,"turn:1":0,"turn:2":0},"finMin":0,"starters":512,"statusN":300,"shuttle":{"start":74,"smash":0,"fail":74,"returns":24,"rate":0},"mark":{"start":0,"atk":0,"cover":0,"fail":0,"rate":null},"bossT":[null,null],"bossTmin":[null,null],"bossTmax":[null,null],"bossReached":0,"wave":{"absorbA":297,"absorbB":270,"usedA":230,"usedB":170,"lost":96,"empStart":400,"empFin":0,"violet":0,"cut":0,"violetPerRun":0,"cutPerRun":0}}
{"cfg":"duo coop,spam","runs":20,"clear":0.25,"lost":15,"timeout":0,"error":0,"clearTime":654.6,"clearTimeMin":616.28,"clearTimeMax":701.97,"links":13.9,"covers":20.85,"fullRally":1.85,"rally2":17.8,"rallyMax":4.7,"tagParry":0,"tagLink":0,"tagRescue":0,"parry":101.9,"perfect":15.8,"launches":59,"launchHits":52.4,"lifts":0,"grabs":5.4,"grabFrees":4.3,"grabSlams":1.1,"splitOK":2.4,"splitFail":1.8,"backShare":0.216,"aggroSwaps":74.5,"groggy":27.4,"downs":2.8,"dmgTaken":351,"rallyBreaks":10.3,"bossActive":0.581,"bossAttack":0.4,"freeze":0.018,"phaseReached":3,"errors":0,"wall":50,"fin":{"lift:1":26,"lift:2":77,"kneel:1":93,"kneel:2":82,"stagger:1":0,"stagger:2":0,"turn:1":0,"turn:2":0},"finMin":0,"starters":1181,"statusN":710,"shuttle":{"start":100,"smash":1,"fail":99,"returns":251,"rate":0.01},"mark":{"start":60,"atk":260,"cover":140,"fail":120,"rate":0.538},"bossT":[328.9,299.7],"bossTmin":[279.58,277.1],"bossTmax":[416.87,336.53],"bossReached":0.75,"wave":{"absorbA":913,"absorbB":605,"usedA":689,"usedB":422,"lost":353,"empStart":949,"empFin":162,"violet":143,"cut":201,"violetPerRun":7.15,"cutPerRun":10.05}}
{"cfg":"tag tag","runs":20,"clear":1,"lost":0,"timeout":0,"error":0,"clearTime":508.7,"clearTimeMin":459.6,"clearTimeMax":564.38,"links":30.2,"covers":21.85,"fullRally":20.95,"rally2":30.75,"rallyMax":5,"tagParry":76.35,"tagLink":30.2,"tagRescue":3.45,"parry":79.3,"perfect":0.5,"launches":36.5,"launchHits":32.4,"lifts":0,"grabs":3.45,"grabFrees":3.45,"grabSlams":0,"splitOK":0,"splitFail":0,"backShare":0.153,"aggroSwaps":0,"groggy":31.6,"downs":0,"dmgTaken":58,"rallyBreaks":0.5,"bossActive":0.545,"bossAttack":0.378,"freeze":0.158,"phaseReached":3,"errors":0,"wall":36,"fin":{"lift:1":85,"lift:2":78,"kneel:1":32,"kneel:2":120,"stagger:1":118,"stagger:2":25,"turn:1":22,"turn:2":124},"finMin":22,"starters":730,"statusN":604,"shuttle":{"start":59,"smash":56,"fail":2,"returns":384,"rate":0.949},"mark":{"start":79,"atk":368,"cover":368,"fail":0,"rate":1},"bossT":[228.2,272.6],"bossTmin":[188.13,202.13],"bossTmax":[258.48,317.28],"bossReached":1,"wave":{"absorbA":544,"absorbB":499,"usedA":447,"usedB":404,"lost":155,"empStart":487,"empFin":364,"violet":330,"cut":422,"violetPerRun":16.5,"cutPerRun":21.1}}
{
 "replay": [
  {
   "mode": "duo",
   "boss": 1,
   "frames": 7200,
   "record": "e6574c31",
   "replay1": "e6574c31",
   "replay2": "e6574c31",
   "same": true,
   "seen": {
    "shuttle": 1,
    "mark": 0,
    "finishers": 8,
    "covers": 9
   }
  },
  {
   "mode": "tag",
   "boss": 1,
   "frames": 7200,
   "record": "509b3d8a",
   "replay1": "509b3d8a",
   "replay2": "509b3d8a",
   "same": true,
   "seen": {
    "shuttle": 2,
    "mark": 0,
    "finishers": 7,
    "covers": 2
   }
  },
  {
   "mode": "duo",
   "boss": 2,
   "frames": 7200,
   "record": "b8c1d0cf",
   "replay1": "b8c1d0cf",
   "replay2": "b8c1d0cf",
   "same": true,
   "seen": {
    "shuttle": 0,
    "mark": 3,
    "finishers": 10,
    "covers": 14
   }
  },
  {
   "mode": "tag",
   "boss": 2,
   "frames": 7200,
   "record": "4cb3f6dc",
   "replay1": "4cb3f6dc",
   "replay2": "4cb3f6dc",
   "same": true,
   "seen": {
    "shuttle": 0,
    "mark": 2,
    "finishers": 7,
    "covers": 9
   }
  }
 ],
 "errors": 0
}
