{"cfg":"duo coop,coop","runs":20,"clear":0.95,"lost":1,"timeout":0,"error":0,"clearTime":474.3,"clearTimeMin":411.88,"clearTimeMax":526.45,"links":32.65,"covers":27.05,"fullRally":12.9,"rally2":24.25,"rallyMax":5,"tagParry":0,"tagLink":0,"tagRescue":0,"parry":78.5,"perfect":13.2,"launches":53.3,"launchHits":46.5,"lifts":0,"grabs":4.4,"grabFrees":3.9,"grabSlams":0.5,"splitOK":3.45,"splitFail":0.1,"backShare":0.276,"aggroSwaps":75.8,"groggy":29.8,"downs":0.15,"dmgTaken":168,"rallyBreaks":3.6,"bossActive":0.565,"bossAttack":0.387,"freeze":0.039,"phaseReached":3,"errors":0,"wall":44,"fin":{"lift:1":21,"lift:2":67,"kneel:1":50,"kneel:2":130,"stagger:1":158,"stagger:2":48,"turn:1":60,"turn:2":119},"finMin":21,"starters":1066,"statusN":662,"shuttle":{"start":62,"smash":44,"fail":16,"returns":350,"rate":0.71},"mark":{"start":75,"atk":353,"cover":270,"fail":83,"rate":0.765},"bossT":[213.6,251.2],"bossTmin":[186.03,212.1],"bossTmax":[248.98,302.17],"bossReached":1,"wave":{"absorbA":624,"absorbB":553,"usedA":531,"usedB":465,"lost":150,"empStart":661,"empFin":335,"violet":271,"cut":265,"violetPerRun":13.55,"cutPerRun":13.25}}
{"cfg":"duo ignore,ignore","runs":20,"clear":0.4,"lost":12,"timeout":0,"error":0,"clearTime":840.5,"clearTimeMin":739.75,"clearTimeMax":955.22,"links":0,"covers":8.95,"fullRally":7.45,"rally2":23.25,"rallyMax":5,"tagParry":0,"tagLink":0,"tagRescue":0,"parry":184.6,"perfect":18.5,"launches":78.1,"launchHits":66.2,"lifts":0,"grabs":6.35,"grabFrees":4.25,"grabSlams":2.1,"splitOK":0.6,"splitFail":3.75,"backShare":0.113,"aggroSwaps":89.2,"groggy":30.9,"downs":5.55,"dmgTaken":506,"rallyBreaks":3.4,"bossActive":0.587,"bossAttack":0.414,"freeze":0.012,"phaseReached":2.85,"errors":0,"wall":64,"fin":{"lift:1":0,"lift:2":0,"kneel:1":0,"kneel:2":0,"stagger:1":0,"stagger:2":0,"turn:1":0,"turn:2":0},"finMin":0,"starters":1562,"statusN":910,"shuttle":{"start":116,"smash":81,"fail":32,"returns":656,"rate":0.698},"mark":{"start":111,"atk":407,"cover":0,"fail":407,"rate":0},"bossT":[368.6,468.4],"bossTmin":[333.97,397.78],"bossTmax":[448.67,561.32],"bossReached":0.9,"wave":{"absorbA":1494,"absorbB":1234,"usedA":838,"usedB":577,"lost":1232,"empStart":1415,"empFin":0,"violet":0,"cut":0,"violetPerRun":0,"cutPerRun":0}}
{"cfg":"duo spam,spam","runs":20,"clear":0,"lost":20,"timeout":0,"error":0,"clearTime":0,"clearTimeMin":null,"clearTimeMax":null,"links":0,"covers":2.25,"fullRally":0,"rally2":0.15,"rallyMax":0.8,"tagParry":0,"tagLink":0,"tagRescue":0,"parry":44.4,"perfect":5.1,"launches":25.6,"launchHits":23.1,"lifts":0,"grabs":2.45,"grabFrees":1.9,"grabSlams":0.55,"splitOK":0.15,"splitFail":1.25,"backShare":0.16,"aggroSwaps":24.9,"groggy":7.3,"downs":2.45,"dmgTaken":225,"rallyBreaks":0.6,"bossActive":0.606,"bossAttack":0.393,"freeze":0.006,"phaseReached":2.05,"errors":0,"wall":20,"fin":{"lift:1":0,"lift:2":0,"kneel:1":0,"kneel:2":0,"stagger:1":0,"stagger:2":0,"turn:1":0,"turn:2":0},"finMin":0,"starters":512,"statusN":300,"shuttle":{"start":74,"smash":0,"fail":74,"returns":24,"rate":0},"mark":{"start":0,"atk":0,"cover":0,"fail":0,"rate":null},"bossT":[null,null],"bossTmin":[null,null],"bossTmax":[null,null],"bossReached":0,"wave":{"absorbA":297,"absorbB":270,"usedA":230,"usedB":170,"lost":96,"empStart":400,"empFin":0,"violet":0,"cut":0,"violetPerRun":0,"cutPerRun":0}}
{"cfg":"duo coop,spam","runs":20,"clear":0.3,"lost":14,"timeout":0,"error":0,"clearTime":658.4,"clearTimeMin":616.28,"clearTimeMax":700.3,"links":14.65,"covers":23.45,"fullRally":2,"rally2":18,"rallyMax":4.8,"tagParry":0,"tagLink":0,"tagRescue":0,"parry":112.3,"perfect":17.1,"launches":62.5,"launchHits":55.5,"lifts":0,"grabs":4.8,"grabFrees":3.9,"grabSlams":0.9,"splitOK":2,"splitFail":1.95,"backShare":0.212,"aggroSwaps":76.8,"groggy":28.9,"downs":3.25,"dmgTaken":386,"rallyBreaks":10.4,"bossActive":0.584,"bossAttack":0.405,"freeze":0.018,"phaseReached":3,"errors":0,"wall":53,"fin":{"lift:1":36,"lift:2":74,"kneel:1":88,"kneel:2":95,"stagger:1":0,"stagger:2":0,"turn:1":0,"turn:2":0},"finMin":0,"starters":1251,"statusN":751,"shuttle":{"start":102,"smash":0,"fail":101,"returns":238,"rate":0},"mark":{"start":63,"atk":276,"cover":147,"fail":129,"rate":0.533},"bossT":[344.9,292.2],"bossTmin":[297.43,233.92],"bossTmax":[416.87,354.33],"bossReached":0.8,"wave":{"absorbA":1020,"absorbB":656,"usedA":728,"usedB":432,"lost":454,"empStart":988,"empFin":172,"violet":154,"cut":174,"violetPerRun":7.7,"cutPerRun":8.7}}
{"cfg":"tag tag","runs":20,"clear":1,"lost":0,"timeout":0,"error":0,"clearTime":502.1,"clearTimeMin":450.02,"clearTimeMax":559.22,"links":30.5,"covers":21.7,"fullRally":21,"rally2":29.9,"rallyMax":5,"tagParry":78.7,"tagLink":30.5,"tagRescue":3.3,"parry":81.8,"perfect":0.5,"launches":36.9,"launchHits":32.7,"lifts":0,"grabs":3.3,"grabFrees":3.3,"grabSlams":0,"splitOK":0,"splitFail":0,"backShare":0.158,"aggroSwaps":0,"groggy":30.8,"downs":0,"dmgTaken":62,"rallyBreaks":0.8,"bossActive":0.551,"bossAttack":0.385,"freeze":0.16,"phaseReached":3,"errors":0,"wall":35,"fin":{"lift:1":72,"lift:2":55,"kneel:1":18,"kneel:2":141,"stagger:1":145,"stagger:2":30,"turn:1":19,"turn:2":130},"finMin":18,"starters":737,"statusN":610,"shuttle":{"start":71,"smash":60,"fail":8,"returns":411,"rate":0.845},"mark":{"start":76,"atk":368,"cover":368,"fail":0,"rate":1},"bossT":[229.8,264.3],"bossTmin":[197.12,224.63],"bossTmax":[273.62,305.38],"bossReached":1,"wave":{"absorbA":579,"absorbB":486,"usedA":459,"usedB":389,"lost":202,"empStart":481,"empFin":367,"violet":326,"cut":280,"violetPerRun":16.3,"cutPerRun":14}}
{
 "replay": [
  {
   "mode": "duo",
   "boss": 1,
   "frames": 7200,
   "record": "33d7eaff",
   "replay1": "33d7eaff",
   "replay2": "33d7eaff",
   "same": true,
   "seen": {
    "shuttle": 1,
    "mark": 0,
    "finishers": 8,
    "covers": 8
   }
  },
  {
   "mode": "tag",
   "boss": 1,
   "frames": 7200,
   "record": "964f75ee",
   "replay1": "964f75ee",
   "replay2": "964f75ee",
   "same": true,
   "seen": {
    "shuttle": 2,
    "mark": 0,
    "finishers": 7,
    "covers": 2
   }
  },
  {
   "mode": "duo",
   "boss": 2,
   "frames": 7200,
   "record": "12f3ad71",
   "replay1": "12f3ad71",
   "replay2": "12f3ad71",
   "same": true,
   "seen": {
    "shuttle": 0,
    "mark": 2,
    "finishers": 9,
    "covers": 15
   }
  },
  {
   "mode": "tag",
   "boss": 2,
   "frames": 7200,
   "record": "7218f909",
   "replay1": "7218f909",
   "replay2": "7218f909",
   "same": true,
   "seen": {
    "shuttle": 0,
    "mark": 2,
    "finishers": 8,
    "covers": 9
   }
  }
 ],
 "errors": 0
}
