{"cfg":"duo coop,coop","runs":20,"clear":0.8,"lost":4,"timeout":0,"error":0,"clearTime":665,"clearTimeMin":603.75,"clearTimeMax":703.22,"links":44,"covers":39,"fullRally":15.85,"rally2":30.65,"rallyMax":5,"tagParry":0,"tagLink":0,"tagRescue":0,"parry":117.9,"perfect":18.1,"launches":70,"launchHits":60.4,"lifts":44.4,"grabs":5.7,"grabFrees":5.1,"grabSlams":0.6,"splitOK":4.3,"splitFail":0.4,"backShare":0.262,"aggroSwaps":100.5,"groggy":39.8,"downs":1.55,"dmgTaken":297,"rallyBreaks":3.5,"bossActive":0.603,"bossAttack":0.418,"freeze":0.028,"phaseReached":2.95,"errors":0,"wall":157,"fin":{"lift:1":66,"lift:2":48,"kneel:1":122,"kneel:2":118,"stagger:1":126,"stagger:2":122,"turn:1":131,"turn:2":149},"finMin":48,"starters":1399,"statusN":888,"shuttle":{"start":84,"smash":64,"fail":18,"returns":503,"rate":0.762},"mark":{"start":102,"atk":484,"cover":375,"fail":109,"rate":0.775},"bossT":[294.2,364.6],"bossTmin":[271.8,302.77],"bossTmax":[330.23,400.92],"bossReached":0.95}
{"cfg":"duo ignore,ignore","runs":20,"clear":0.05,"lost":19,"timeout":0,"error":0,"clearTime":1194.3,"clearTimeMin":1194.3,"clearTimeMax":1194.3,"links":0,"covers":7.85,"fullRally":5.75,"rally2":20,"rallyMax":4.8,"tagParry":0,"tagLink":0,"tagRescue":0,"parry":161.9,"perfect":14.8,"launches":67.8,"launchHits":55.5,"lifts":40.5,"grabs":7.4,"grabFrees":4.7,"grabSlams":2.7,"splitOK":0.7,"splitFail":3.75,"backShare":0.095,"aggroSwaps":74,"groggy":25.6,"downs":7.8,"dmgTaken":530,"rallyBreaks":3.4,"bossActive":0.615,"bossAttack":0.424,"freeze":0.011,"phaseReached":2.65,"errors":0,"wall":125,"fin":{"lift:1":0,"lift:2":0,"kneel:1":0,"kneel:2":0,"stagger:1":0,"stagger:2":0,"turn:1":0,"turn:2":0},"finMin":0,"starters":1355,"statusN":811,"shuttle":{"start":113,"smash":62,"fail":47,"returns":485,"rate":0.549},"mark":{"start":67,"atk":190,"cover":0,"fail":190,"rate":0},"bossT":[499.2,662.2],"bossTmin":[464.03,662.18],"bossTmax":[577.78,662.18],"bossReached":0.4}
{"cfg":"duo spam,spam","runs":20,"clear":0,"lost":20,"timeout":0,"error":0,"clearTime":0,"clearTimeMin":null,"clearTimeMax":null,"links":0,"covers":1.55,"fullRally":0,"rally2":0.6,"rallyMax":1.3,"tagParry":0,"tagLink":0,"tagRescue":0,"parry":35.8,"perfect":1.9,"launches":20.1,"launchHits":17.7,"lifts":12.1,"grabs":2.4,"grabFrees":0.95,"grabSlams":1.45,"splitOK":0.1,"splitFail":0.95,"backShare":0.144,"aggroSwaps":18.4,"groggy":5.3,"downs":2.55,"dmgTaken":234,"rallyBreaks":0.4,"bossActive":0.64,"bossAttack":0.404,"freeze":0.005,"phaseReached":1.45,"errors":0,"wall":35,"fin":{"lift:1":0,"lift:2":0,"kneel:1":0,"kneel:2":0,"stagger:1":0,"stagger:2":0,"turn:1":0,"turn:2":0},"finMin":0,"starters":402,"statusN":241,"shuttle":{"start":56,"smash":0,"fail":56,"returns":20,"rate":0},"mark":{"start":0,"atk":0,"cover":0,"fail":0,"rate":null},"bossT":[null,null],"bossTmin":[null,null],"bossTmax":[null,null],"bossReached":0}
{"cfg":"duo coop,spam","runs":20,"clear":0,"lost":20,"timeout":0,"error":0,"clearTime":0,"clearTimeMin":null,"clearTimeMax":null,"links":13.7,"covers":14.4,"fullRally":1.6,"rally2":13.45,"rallyMax":4.45,"tagParry":0,"tagLink":0,"tagRescue":0,"parry":89.8,"perfect":11.1,"launches":48.8,"launchHits":41.9,"lifts":29.6,"grabs":5.05,"grabFrees":4.2,"grabSlams":0.85,"splitOK":1.05,"splitFail":1.2,"backShare":0.212,"aggroSwaps":56.9,"groggy":20.4,"downs":4.7,"dmgTaken":362,"rallyBreaks":7.6,"bossActive":0.622,"bossAttack":0.421,"freeze":0.015,"phaseReached":2.65,"errors":0,"wall":95,"fin":{"lift:1":51,"lift:2":40,"kneel:1":87,"kneel:2":96,"stagger:1":0,"stagger:2":0,"turn:1":0,"turn:2":0},"finMin":0,"starters":975,"statusN":591,"shuttle":{"start":113,"smash":1,"fail":108,"returns":235,"rate":0.009},"mark":{"start":22,"atk":70,"cover":30,"fail":40,"rate":0.429},"bossT":[442.1,null],"bossTmin":[396.67,null],"bossTmax":[501.28,null],"bossReached":0.3}
{"cfg":"tag tag","runs":20,"clear":1,"lost":0,"timeout":0,"error":0,"clearTime":801.1,"clearTimeMin":701.92,"clearTimeMax":905.07,"links":49.4,"covers":36.5,"fullRally":31.05,"rally2":47.55,"rallyMax":5,"tagParry":132.9,"tagLink":49.4,"tagRescue":5.2,"parry":137.4,"perfect":0.6,"launches":58.5,"launchHits":52.4,"lifts":49.4,"grabs":5.2,"grabFrees":5.2,"grabSlams":0,"splitOK":0,"splitFail":0,"backShare":0.108,"aggroSwaps":0,"groggy":49.7,"downs":0,"dmgTaken":113,"rallyBreaks":0.9,"bossActive":0.576,"bossAttack":0.402,"freeze":0.15,"phaseReached":3,"errors":0,"wall":128,"fin":{"lift:1":104,"lift:2":116,"kneel:1":146,"kneel:2":123,"stagger:1":104,"stagger:2":142,"turn:1":137,"turn:2":116},"finMin":104,"starters":1170,"statusN":988,"shuttle":{"start":104,"smash":84,"fail":14,"returns":585,"rate":0.808},"mark":{"start":131,"atk":626,"cover":626,"fail":0,"rate":1},"bossT":[358.9,434.2],"bossTmin":[307.28,370.47],"bossTmax":[406.18,519.58],"bossReached":1}
{
 "replay": [
  {
   "mode": "duo",
   "frames": 7200,
   "record": "4a40e249",
   "replay1": "4a40e249",
   "replay2": "4a40e249",
   "same": true
  },
  {
   "mode": "tag",
   "frames": 7200,
   "record": "87b0ee1a",
   "replay1": "87b0ee1a",
   "replay2": "87b0ee1a",
   "same": true
  }
 ],
 "errors": 0
}
